Entrez un premier entier
4
Entrez un second entier
3
La somme des deux nombres entrÃ©s est 7